// Vitest Snapshot v1, https://vitest.dev/guide/snapshot.html

exports[`slots fixture > is deterministic — identical ids on every generation 1`] = `
{
  "count": 741,
  "first": [
    "s_p01_2026-10-05_1200",
    "s_p01_2026-10-05_1300",
    "s_p01_2026-10-05_1400",
    "s_p01_2026-10-05_1500",
    "s_p01_2026-10-05_1600",
  ],
}
`;
